// Jest Snapshot v1, https://goo.gl/fbAQLP

exports[`当Rdx外部初始化了数据，不应该被默认值设置覆盖 1`] = `
<div>
  init
</div>
`;
